a,XX+a
ai,XX+ai
air,XX+air
an,XX+an
ang,XX+ang
angr,XX+angr
anr,XX+anr
ao,XX+ao
aor,XX+aor
ar,XX+ar
ba,b+a
bai,b+ai
bair,b+air
ban,b+an
bang,b+ang
bangr,b+angr
banr,b+anr
bao,b+ao
baor,b+aor
bar,b+ar
be,b+e
bei,b+ei
beir,b+eir
ben,b+en
beng,b+eng
bengr,b+engr
benr,b+enr
ber,b+er
bi,b+i
bia,b+ia
bian,b+ian
biang,b+iang
biangr,b+iangr
bianr,b+ianr
biao,b+iao
biaor,b+iaor
biar,b+iar
bie,b+ie
bier,b+ier
bii,b+ii
biii,b+iii
biiir,b+iiir
biir,b+iir
bin,b+in
bing,b+ing
bingr,b+ingr
binr,b+inr
biong,b+iong
biongr,b+iongr
biou,b+iou
biour,b+iour
bir,b+ir
bng,b+ng
bo,b+o
bong,b+ong
bongr,b+ongr
bor,b+or
bou,b+ou
bour,b+our
bu,b+u
bua,b+ua
buai,b+uai
buair,b+uair
buan,b+uan
buang,b+uang
buangr,b+uangr
buanr,b+uanr
buar,b+uar
buei,b+uei
bueir,b+ueir
buen,b+uen
bueng,b+ueng
buengr,b+uengr
buenr,b+uenr
buo,b+uo
buor,b+uor
bur,b+ur
bv,b+v
bvan,b+van
bvanr,b+vanr
bve,b+ve
bver,b+ver
bvn,b+vn
bvnr,b+vnr
bvr,b+vr
ca,c+a
cai,c+ai
cair,c+air
can,c+an
cang,c+ang
cangr,c+angr
canr,c+anr
cao,c+ao
caor,c+aor
car,c+ar
ce,c+e
cei,c+ei
ceir,c+eir
cen,c+en
ceng,c+eng
cengr,c+engr
cenr,c+enr
cer,c+er
cha,ch+a
chai,ch+ai
chair,ch+air
chan,ch+an
chang,ch+ang
changr,ch+angr
chanr,ch+anr
chao,ch+ao
chaor,ch+aor
char,ch+ar
che,ch+e
chei,ch+ei
cheir,ch+eir
chen,ch+en
cheng,ch+eng
chengr,ch+engr
chenr,ch+enr
cher,ch+er
chi,ch+i
chia,ch+ia
chian,ch+ian
chiang,ch+iang
chiangr,ch+iangr
chianr,ch+ianr
chiao,ch+iao
chiaor,ch+iaor
chiar,ch+iar
chie,ch+ie
chier,ch+ier
chii,ch+ii
chiii,ch+iii
chiiir,ch+iiir
chiir,ch+iir
chin,ch+in
ching,ch+ing
chingr,ch+ingr
chinr,ch+inr
chiong,ch+iong
chiongr,ch+iongr
chiou,ch+iou
chiour,ch+iour
chir,ch+ir
chng,ch+ng
cho,ch+o
chong,ch+ong
chongr,ch+ongr
chor,ch+or
chou,ch+ou
chour,ch+our
chu,ch+u
chua,ch+ua
chuai,ch+uai
chuair,ch+uair
chuan,ch+uan
chuang,ch+uang
chuangr,ch+uangr
chuanr,ch+uanr
chuar,ch+uar
chuei,ch+uei
chueir,ch+ueir
chuen,ch+uen
chueng,ch+ueng
chuengr,ch+uengr
chuenr,ch+uenr
chuo,ch+uo
chuor,ch+uor
chur,ch+ur
chv,ch+v
chvan,ch+van
chvanr,ch+vanr
chve,ch+ve
chver,ch+ver
chvn,ch+vn
chvnr,ch+vnr
chvr,ch+vr
ci,c+i
cia,c+ia
cian,c+ian
ciang,c+iang
ciangr,c+iangr
cianr,c+ianr
ciao,c+iao
ciaor,c+iaor
ciar,c+iar
cie,c+ie
cier,c+ier
cii,c+ii
ciii,c+iii
ciiir,c+iiir
ciir,c+iir
cin,c+in
cing,c+ing
cingr,c+ingr
cinr,c+inr
ciong,c+iong
ciongr,c+iongr
ciou,c+iou
ciour,c+iour
cir,c+ir
cng,c+ng
co,c+o
cong,c+ong
congr,c+ongr
cor,c+or
cou,c+ou
cour,c+our
cu,c+u
cua,c+ua
cuai,c+uai
cuair,c+uair
cuan,c+uan
cuang,c+uang
cuangr,c+uangr
cuanr,c+uanr
cuar,c+uar
cuei,c+uei
cueir,c+ueir
cuen,c+uen
cueng,c+ueng
cuengr,c+uengr
cuenr,c+uenr
cuo,c+uo
cuor,c+uor
cur,c+ur
cv,c+v
cvan,c+van
cvanr,c+vanr
cve,c+ve
cver,c+ver
cvn,c+vn
cvnr,c+vnr
cvr,c+vr
da,d+a
dai,d+ai
dair,d+air
dan,d+an
dang,d+ang
dangr,d+angr
danr,d+anr
dao,d+ao
daor,d+aor
dar,d+ar
de,d+e
dei,d+ei
deir,d+eir
den,d+en
deng,d+eng
dengr,d+engr
denr,d+enr
der,d+er
di,d+i
dia,d+ia
dian,d+ian
diang,d+iang
diangr,d+iangr
dianr,d+ianr
diao,d+iao
diaor,d+iaor
diar,d+iar
die,d+ie
dier,d+ier
dii,d+ii
diii,d+iii
diiir,d+iiir
diir,d+iir
din,d+in
ding,d+ing
dingr,d+ingr
dinr,d+inr
diong,d+iong
diongr,d+iongr
diou,d+iou
diour,d+iour
dir,d+ir
dng,d+ng
do,d+o
dong,d+ong
dongr,d+ongr
dor,d+or
dou,d+ou
dour,d+our
du,d+u
dua,d+ua
duai,d+uai
duair,d+uair
duan,d+uan
duang,d+uang
duangr,d+uangr
duanr,d+uanr
duar,d+uar
duei,d+uei
dueir,d+ueir
duen,d+uen
dueng,d+ueng
duengr,d+uengr
duenr,d+uenr
duo,d+uo
duor,d+uor
dur,d+ur
dv,d+v
dvan,d+van
dvanr,d+vanr
dve,d+ve
dver,d+ver
dvn,d+vn
dvnr,d+vnr
dvr,d+vr
e,XX+e
ei,XX+ei
eir,XX+eir
en,XX+en
eng,XX+eng
engr,XX+engr
enr,XX+enr
er,XX+er
fa,f+a
fai,f+ai
fair,f+air
fan,f+an
fang,f+ang
fangr,f+angr
fanr,f+anr
fao,f+ao
faor,f+aor
far,f+ar
fe,f+e
fei,f+ei
feir,f+eir
fen,f+en
feng,f+eng
fengr,f+engr
fenr,f+enr
fer,f+er
fi,f+i
fia,f+ia
fian,f+ian
fiang,f+iang
fiangr,f+iangr
fianr,f+ianr
fiao,f+iao
fiaor,f+iaor
fiar,f+iar
fie,f+ie
fier,f+ier
fii,f+ii
fiii,f+iii
fiiir,f+iiir
fiir,f+iir
fin,f+in
fing,f+ing
fingr,f+ingr
finr,f+inr
fiong,f+iong
fiongr,f+iongr
fiou,f+iou
fiour,f+iour
fir,f+ir
fng,f+ng
fo,f+o
fong,f+ong
fongr,f+ongr
for,f+or
fou,f+ou
four,f+our
fu,f+u
fua,f+ua
fuai,f+uai
fuair,f+uair
fuan,f+uan
fuang,f+uang
fuangr,f+uangr
fuanr,f+uanr
fuar,f+uar
fuei,f+uei
fueir,f+ueir
fuen,f+uen
fueng,f+ueng
fuengr,f+uengr
fuenr,f+uenr
fuo,f+uo
fuor,f+uor
fur,f+ur
fv,f+v
fvan,f+van
fvanr,f+vanr
fve,f+ve
fver,f+ver
fvn,f+vn
fvnr,f+vnr
fvr,f+vr
ga,g+a
gai,g+ai
gair,g+air
gan,g+an
gang,g+ang
gangr,g+angr
ganr,g+anr
gao,g+ao
gaor,g+aor
gar,g+ar
ge,g+e
gei,g+ei
geir,g+eir
gen,g+en
geng,g+eng
gengr,g+engr
genr,g+enr
ger,g+er
gi,g+i
gia,g+ia
gian,g+ian
giang,g+iang
giangr,g+iangr
gianr,g+ianr
giao,g+iao
giaor,g+iaor
giar,g+iar
gie,g+ie
gier,g+ier
gii,g+ii
giii,g+iii
giiir,g+iiir
giir,g+iir
gin,g+in
ging,g+ing
gingr,g+ingr
ginr,g+inr
giong,g+iong
giongr,g+iongr
giou,g+iou
giour,g+iour
gir,g+ir
gng,g+ng
go,g+o
gong,g+ong
gongr,g+ongr
gor,g+or
gou,g+ou
gour,g+our
gu,g+u
gua,g+ua
guai,g+uai
guair,g+uair
guan,g+uan
guang,g+uang
guangr,g+uangr
guanr,g+uanr
guar,g+uar
guei,g+uei
gueir,g+ueir
guen,g+uen
gueng,g+ueng
guengr,g+uengr
guenr,g+uenr
guo,g+uo
guor,g+uor
gur,g+ur
gv,g+v
gvan,g+van
gvanr,g+vanr
gve,g+ve
gver,g+ver
gvn,g+vn
gvnr,g+vnr
gvr,g+vr
ha,h+a
hai,h+ai
hair,h+air
han,h+an
hang,h+ang
hangr,h+angr
hanr,h+anr
hao,h+ao
haor,h+aor
har,h+ar
he,h+e
hei,h+ei
heir,h+eir
hen,h+en
heng,h+eng
hengr,h+engr
henr,h+enr
her,h+er
hi,h+i
hia,h+ia
hian,h+ian
hiang,h+iang
hiangr,h+iangr
hianr,h+ianr
hiao,h+iao
hiaor,h+iaor
hiar,h+iar
hie,h+ie
hier,h+ier
hii,h+ii
hiii,h+iii
hiiir,h+iiir
hiir,h+iir
hin,h+in
hing,h+ing
hingr,h+ingr
hinr,h+inr
hiong,h+iong
hiongr,h+iongr
hiou,h+iou
hiour,h+iour
hir,h+ir
hng,h+ng
ho,h+o
hong,h+ong
hongr,h+ongr
hor,h+or
hou,h+ou
hour,h+our
hu,h+u
hua,h+ua
huai,h+uai
huair,h+uair
huan,h+uan
huang,h+uang
huangr,h+uangr
huanr,h+uanr
huar,h+uar
huei,h+uei
hueir,h+ueir
huen,h+uen
hueng,h+ueng
huengr,h+uengr
huenr,h+uenr
huo,h+uo
huor,h+uor
hur,h+ur
hv,h+v
hvan,h+van
hvanr,h+vanr
hve,h+ve
hver,h+ver
hvn,h+vn
hvnr,h+vnr
hvr,h+vr
i,XX+i
ia,XX+ia
ian,XX+ian
iang,XX+iang
iangr,XX+iangr
ianr,XX+ianr
iao,XX+iao
iaor,XX+iaor
iar,XX+iar
ie,XX+ie
ier,XX+ier
ii,XX+ii
iii,XX+iii
iiir,XX+iiir
iir,XX+iir
in,XX+in
ing,XX+ing
ingr,XX+ingr
inr,XX+inr
iong,XX+iong
iongr,XX+iongr
iou,XX+iou
iour,XX+iour
ir,XX+ir
ja,j+a
jai,j+ai
jair,j+air
jan,j+an
jang,j+ang
jangr,j+angr
janr,j+anr
jao,j+ao
jaor,j+aor
jar,j+ar
je,j+e
jei,j+ei
jeir,j+eir
jen,j+en
jeng,j+eng
jengr,j+engr
jenr,j+enr
jer,j+er
ji,j+i
jia,j+ia
jian,j+ian
jiang,j+iang
jiangr,j+iangr
jianr,j+ianr
jiao,j+iao
jiaor,j+iaor
jiar,j+iar
jie,j+ie
jier,j+ier
jii,j+ii
jiii,j+iii
jiiir,j+iiir
jiir,j+iir
jin,j+in
jing,j+ing
jingr,j+ingr
jinr,j+inr
jiong,j+iong
jiongr,j+iongr
jiou,j+iou
jiour,j+iour
jir,j+ir
jng,j+ng
jo,j+o
jong,j+ong
jongr,j+ongr
jor,j+or
jou,j+ou
jour,j+our
ju,j+u
jua,j+ua
juai,j+uai
juair,j+uair
juan,j+uan
juang,j+uang
juangr,j+uangr
juanr,j+uanr
juar,j+uar
juei,j+uei
jueir,j+ueir
juen,j+uen
jueng,j+ueng
juengr,j+uengr
juenr,j+uenr
juo,j+uo
juor,j+uor
jur,j+ur
jv,j+v
jvan,j+van
jvanr,j+vanr
jve,j+ve
jver,j+ver
jvn,j+vn
jvnr,j+vnr
jvr,j+vr
ka,k+a
kai,k+ai
kair,k+air
kan,k+an
kang,k+ang
kangr,k+angr
kanr,k+anr
kao,k+ao
kaor,k+aor
kar,k+ar
ke,k+e
kei,k+ei
keir,k+eir
ken,k+en
keng,k+eng
kengr,k+engr
kenr,k+enr
ker,k+er
ki,k+i
kia,k+ia
kian,k+ian
kiang,k+iang
kiangr,k+iangr
kianr,k+ianr
kiao,k+iao
kiaor,k+iaor
kiar,k+iar
kie,k+ie
kier,k+ier
kii,k+ii
kiii,k+iii
kiiir,k+iiir
kiir,k+iir
kin,k+in
king,k+ing
kingr,k+ingr
kinr,k+inr
kiong,k+iong
kiongr,k+iongr
kiou,k+iou
kiour,k+iour
kir,k+ir
kng,k+ng
ko,k+o
kong,k+ong
kongr,k+ongr
kor,k+or
kou,k+ou
kour,k+our
ku,k+u
kua,k+ua
kuai,k+uai
kuair,k+uair
kuan,k+uan
kuang,k+uang
kuangr,k+uangr
kuanr,k+uanr
kuar,k+uar
kuei,k+uei
kueir,k+ueir
kuen,k+uen
kueng,k+ueng
kuengr,k+uengr
kuenr,k+uenr
kuo,k+uo
kuor,k+uor
kur,k+ur
kv,k+v
kvan,k+van
kvanr,k+vanr
kve,k+ve
kver,k+ver
kvn,k+vn
kvnr,k+vnr
kvr,k+vr
la,l+a
lai,l+ai
lair,l+air
lan,l+an
lang,l+ang
langr,l+angr
lanr,l+anr
lao,l+ao
laor,l+aor
lar,l+ar
le,l+e
lei,l+ei
leir,l+eir
len,l+en
leng,l+eng
lengr,l+engr
lenr,l+enr
ler,l+er
li,l+i
lia,l+ia
lian,l+ian
liang,l+iang
liangr,l+iangr
lianr,l+ianr
liao,l+iao
liaor,l+iaor
liar,l+iar
lie,l+ie
lier,l+ier
lii,l+ii
liii,l+iii
liiir,l+iiir
liir,l+iir
lin,l+in
ling,l+ing
lingr,l+ingr
linr,l+inr
liong,l+iong
liongr,l+iongr
liou,l+iou
liour,l+iour
lir,l+ir
lng,l+ng
lo,l+o
long,l+ong
longr,l+ongr
lor,l+or
lou,l+ou
lour,l+our
lu,l+u
lua,l+ua
luai,l+uai
luair,l+uair
luan,l+uan
luang,l+uang
luangr,l+uangr
luanr,l+uanr
luar,l+uar
luei,l+uei
lueir,l+ueir
luen,l+uen
lueng,l+ueng
luengr,l+uengr
luenr,l+uenr
luo,l+uo
luor,l+uor
lur,l+ur
lv,l+v
lvan,l+van
lvanr,l+vanr
lve,l+ve
lver,l+ver
lvn,l+vn
lvnr,l+vnr
lvr,l+vr
ma,m+a
mai,m+ai
mair,m+air
man,m+an
mang,m+ang
mangr,m+angr
manr,m+anr
mao,m+ao
maor,m+aor
mar,m+ar
me,m+e
mei,m+ei
meir,m+eir
men,m+en
meng,m+eng
mengr,m+engr
menr,m+enr
mer,m+er
mi,m+i
mia,m+ia
mian,m+ian
miang,m+iang
miangr,m+iangr
mianr,m+ianr
miao,m+iao
miaor,m+iaor
miar,m+iar
mie,m+ie
mier,m+ier
mii,m+ii
miii,m+iii
miiir,m+iiir
miir,m+iir
min,m+in
ming,m+ing
mingr,m+ingr
minr,m+inr
miong,m+iong
miongr,m+iongr
miou,m+iou
miour,m+iour
mir,m+ir
mng,m+ng
mo,m+o
mong,m+ong
mongr,m+ongr
mor,m+or
mou,m+ou
mour,m+our
mu,m+u
mua,m+ua
muai,m+uai
muair,m+uair
muan,m+uan
muang,m+uang
muangr,m+uangr
muanr,m+uanr
muar,m+uar
muei,m+uei
mueir,m+ueir
muen,m+uen
mueng,m+ueng
muengr,m+uengr
muenr,m+uenr
muo,m+uo
muor,m+uor
mur,m+ur
mv,m+v
mvan,m+van
mvanr,m+vanr
mve,m+ve
mver,m+ver
mvn,m+vn
mvnr,m+vnr
mvr,m+vr
na,n+a
nai,n+ai
nair,n+air
nan,n+an
nang,n+ang
nangr,n+angr
nanr,n+anr
nao,n+ao
naor,n+aor
nar,n+ar
ne,n+e
nei,n+ei
neir,n+eir
nen,n+en
neng,n+eng
nengr,n+engr
nenr,n+enr
ner,n+er
ng,XX+ng
ni,n+i
nia,n+ia
nian,n+ian
niang,n+iang
niangr,n+iangr
nianr,n+ianr
niao,n+iao
niaor,n+iaor
niar,n+iar
nie,n+ie
nier,n+ier
nii,n+ii
niii,n+iii
niiir,n+iiir
niir,n+iir
nin,n+in
ning,n+ing
ningr,n+ingr
ninr,n+inr
niong,n+iong
niongr,n+iongr
niou,n+iou
niour,n+iour
nir,n+ir
nng,n+ng
no,n+o
nong,n+ong
nongr,n+ongr
nor,n+or
nou,n+ou
nour,n+our
nu,n+u
nua,n+ua
nuai,n+uai
nuair,n+uair
nuan,n+uan
nuang,n+uang
nuangr,n+uangr
nuanr,n+uanr
nuar,n+uar
nuei,n+uei
nueir,n+ueir
nuen,n+uen
nueng,n+ueng
nuengr,n+uengr
nuenr,n+uenr
nuo,n+uo
nuor,n+uor
nur,n+ur
nv,n+v
nvan,n+van
nvanr,n+vanr
nve,n+ve
nver,n+ver
nvn,n+vn
nvnr,n+vnr
nvr,n+vr
o,XX+o
ong,XX+ong
ongr,XX+ongr
or,XX+or
ou,XX+ou
our,XX+our
pa,p+a
pai,p+ai
pair,p+air
pan,p+an
pang,p+ang
pangr,p+angr
panr,p+anr
pao,p+ao
paor,p+aor
par,p+ar
pe,p+e
pei,p+ei
peir,p+eir
pen,p+en
peng,p+eng
pengr,p+engr
penr,p+enr
per,p+er
pi,p+i
pia,p+ia
pian,p+ian
piang,p+iang
piangr,p+iangr
pianr,p+ianr
piao,p+iao
piaor,p+iaor
piar,p+iar
pie,p+ie
pier,p+ier
pii,p+ii
piii,p+iii
piiir,p+iiir
piir,p+iir
pin,p+in
ping,p+ing
pingr,p+ingr
pinr,p+inr
piong,p+iong
piongr,p+iongr
piou,p+iou
piour,p+iour
pir,p+ir
png,p+ng
po,p+o
pong,p+ong
pongr,p+ongr
por,p+or
pou,p+ou
pour,p+our
pu,p+u
pua,p+ua
puai,p+uai
puair,p+uair
puan,p+uan
puang,p+uang
puangr,p+uangr
puanr,p+uanr
puar,p+uar
puei,p+uei
pueir,p+ueir
puen,p+uen
pueng,p+ueng
puengr,p+uengr
puenr,p+uenr
puo,p+uo
puor,p+uor
pur,p+ur
pv,p+v
pvan,p+van
pvanr,p+vanr
pve,p+ve
pver,p+ver
pvn,p+vn
pvnr,p+vnr
pvr,p+vr
qa,q+a
qai,q+ai
qair,q+air
qan,q+an
qang,q+ang
qangr,q+angr
qanr,q+anr
qao,q+ao
qaor,q+aor
qar,q+ar
qe,q+e
qei,q+ei
qeir,q+eir
qen,q+en
qeng,q+eng
qengr,q+engr
qenr,q+enr
qer,q+er
qi,q+i
qia,q+ia
qian,q+ian
qiang,q+iang
qiangr,q+iangr
qianr,q+ianr
qiao,q+iao
qiaor,q+iaor
qiar,q+iar
qie,q+ie
qier,q+ier
qii,q+ii
qiii,q+iii
qiiir,q+iiir
qiir,q+iir
qin,q+in
qing,q+ing
qingr,q+ingr
qinr,q+inr
qiong,q+iong
qiongr,q+iongr
qiou,q+iou
qiour,q+iour
qir,q+ir
qng,q+ng
qo,q+o
qong,q+ong
qongr,q+ongr
qor,q+or
qou,q+ou
qour,q+our
qu,q+u
qua,q+ua
quai,q+uai
quair,q+uair
quan,q+uan
quang,q+uang
quangr,q+uangr
quanr,q+uanr
quar,q+uar
quei,q+uei
queir,q+ueir
quen,q+uen
queng,q+ueng
quengr,q+uengr
quenr,q+uenr
quo,q+uo
quor,q+uor
qur,q+ur
qv,q+v
qvan,q+van
qvanr,q+vanr
qve,q+ve
qver,q+ver
qvn,q+vn
qvnr,q+vnr
qvr,q+vr
ra,r+a
rai,r+ai
rair,r+air
ran,r+an
rang,r+ang
rangr,r+angr
ranr,r+anr
rao,r+ao
raor,r+aor
rar,r+ar
re,r+e
rei,r+ei
reir,r+eir
ren,r+en
reng,r+eng
rengr,r+engr
renr,r+enr
rer,r+er
ri,r+i
ria,r+ia
rian,r+ian
riang,r+iang
riangr,r+iangr
rianr,r+ianr
riao,r+iao
riaor,r+iaor
riar,r+iar
rie,r+ie
rier,r+ier
rii,r+ii
riii,r+iii
riiir,r+iiir
riir,r+iir
rin,r+in
ring,r+ing
ringr,r+ingr
rinr,r+inr
riong,r+iong
riongr,r+iongr
riou,r+iou
riour,r+iour
rir,r+ir
rng,r+ng
ro,r+o
rong,r+ong
rongr,r+ongr
ror,r+or
rou,r+ou
rour,r+our
ru,r+u
rua,r+ua
ruai,r+uai
ruair,r+uair
ruan,r+uan
ruang,r+uang
ruangr,r+uangr
ruanr,r+uanr
ruar,r+uar
ruei,r+uei
rueir,r+ueir
ruen,r+uen
rueng,r+ueng
ruengr,r+uengr
ruenr,r+uenr
ruo,r+uo
ruor,r+uor
rur,r+ur
rv,r+v
rvan,r+van
rvanr,r+vanr
rve,r+ve
rver,r+ver
rvn,r+vn
rvnr,r+vnr
rvr,r+vr
sa,s+a
sai,s+ai
sair,s+air
san,s+an
sang,s+ang
sangr,s+angr
sanr,s+anr
sao,s+ao
saor,s+aor
sar,s+ar
se,s+e
sei,s+ei
seir,s+eir
sen,s+en
seng,s+eng
sengr,s+engr
senr,s+enr
ser,s+er
sha,sh+a
shai,sh+ai
shair,sh+air
shan,sh+an
shang,sh+ang
shangr,sh+angr
shanr,sh+anr
shao,sh+ao
shaor,sh+aor
shar,sh+ar
she,sh+e
shei,sh+ei
sheir,sh+eir
shen,sh+en
sheng,sh+eng
shengr,sh+engr
shenr,sh+enr
sher,sh+er
shi,sh+i
shia,sh+ia
shian,sh+ian
shiang,sh+iang
shiangr,sh+iangr
shianr,sh+ianr
shiao,sh+iao
shiaor,sh+iaor
shiar,sh+iar
shie,sh+ie
shier,sh+ier
shii,sh+ii
shiii,sh+iii
shiiir,sh+iiir
shiir,sh+iir
shin,sh+in
shing,sh+ing
shingr,sh+ingr
shinr,sh+inr
shiong,sh+iong
shiongr,sh+iongr
shiou,sh+iou
shiour,sh+iour
shir,sh+ir
shng,sh+ng
sho,sh+o
shong,sh+ong
shongr,sh+ongr
shor,sh+or
shou,sh+ou
shour,sh+our
shu,sh+u
shua,sh+ua
shuai,sh+uai
shuair,sh+uair
shuan,sh+uan
shuang,sh+uang
shuangr,sh+uangr
shuanr,sh+uanr
shuar,sh+uar
shuei,sh+uei
shueir,sh+ueir
shuen,sh+uen
shueng,sh+ueng
shuengr,sh+uengr
shuenr,sh+uenr
shuo,sh+uo
shuor,sh+uor
shur,sh+ur
shv,sh+v
shvan,sh+van
shvanr,sh+vanr
shve,sh+ve
shver,sh+ver
shvn,sh+vn
shvnr,sh+vnr
shvr,sh+vr
si,s+i
sia,s+ia
sian,s+ian
siang,s+iang
siangr,s+iangr
sianr,s+ianr
siao,s+iao
siaor,s+iaor
siar,s+iar
sie,s+ie
sier,s+ier
sii,s+ii
siii,s+iii
siiir,s+iiir
siir,s+iir
sin,s+in
sing,s+ing
singr,s+ingr
sinr,s+inr
siong,s+iong
siongr,s+iongr
siou,s+iou
siour,s+iour
sir,s+ir
sng,s+ng
so,s+o
song,s+ong
songr,s+ongr
sor,s+or
sou,s+ou
sour,s+our
su,s+u
sua,s+ua
suai,s+uai
suair,s+uair
suan,s+uan
suang,s+uang
suangr,s+uangr
suanr,s+uanr
suar,s+uar
suei,s+uei
sueir,s+ueir
suen,s+uen
sueng,s+ueng
suengr,s+uengr
suenr,s+uenr
suo,s+uo
suor,s+uor
sur,s+ur
sv,s+v
svan,s+van
svanr,s+vanr
sve,s+ve
sver,s+ver
svn,s+vn
svnr,s+vnr
svr,s+vr
ta,t+a
tai,t+ai
tair,t+air
tan,t+an
tang,t+ang
tangr,t+angr
tanr,t+anr
tao,t+ao
taor,t+aor
tar,t+ar
te,t+e
tei,t+ei
teir,t+eir
ten,t+en
teng,t+eng
tengr,t+engr
tenr,t+enr
ter,t+er
ti,t+i
tia,t+ia
tian,t+ian
tiang,t+iang
tiangr,t+iangr
tianr,t+ianr
tiao,t+iao
tiaor,t+iaor
tiar,t+iar
tie,t+ie
tier,t+ier
tii,t+ii
tiii,t+iii
tiiir,t+iiir
tiir,t+iir
tin,t+in
ting,t+ing
tingr,t+ingr
tinr,t+inr
tiong,t+iong
tiongr,t+iongr
tiou,t+iou
tiour,t+iour
tir,t+ir
tng,t+ng
to,t+o
tong,t+ong
tongr,t+ongr
tor,t+or
tou,t+ou
tour,t+our
tu,t+u
tua,t+ua
tuai,t+uai
tuair,t+uair
tuan,t+uan
tuang,t+uang
tuangr,t+uangr
tuanr,t+uanr
tuar,t+uar
tuei,t+uei
tueir,t+ueir
tuen,t+uen
tueng,t+ueng
tuengr,t+uengr
tuenr,t+uenr
tuo,t+uo
tuor,t+uor
tur,t+ur
tv,t+v
tvan,t+van
tvanr,t+vanr
tve,t+ve
tver,t+ver
tvn,t+vn
tvnr,t+vnr
tvr,t+vr
u,XX+u
ua,XX+ua
uai,XX+uai
uair,XX+uair
uan,XX+uan
uang,XX+uang
uangr,XX+uangr
uanr,XX+uanr
uar,XX+uar
uei,XX+uei
ueir,XX+ueir
uen,XX+uen
ueng,XX+ueng
uengr,XX+uengr
uenr,XX+uenr
uo,XX+uo
uor,XX+uor
ur,XX+ur
v,XX+v
van,XX+van
vanr,XX+vanr
ve,XX+ve
ver,XX+ver
vn,XX+vn
vnr,XX+vnr
vr,XX+vr
xa,x+a
xai,x+ai
xair,x+air
xan,x+an
xang,x+ang
xangr,x+angr
xanr,x+anr
xao,x+ao
xaor,x+aor
xar,x+ar
xe,x+e
xei,x+ei
xeir,x+eir
xen,x+en
xeng,x+eng
xengr,x+engr
xenr,x+enr
xer,x+er
xi,x+i
xia,x+ia
xian,x+ian
xiang,x+iang
xiangr,x+iangr
xianr,x+ianr
xiao,x+iao
xiaor,x+iaor
xiar,x+iar
xie,x+ie
xier,x+ier
xii,x+ii
xiii,x+iii
xiiir,x+iiir
xiir,x+iir
xin,x+in
xing,x+ing
xingr,x+ingr
xinr,x+inr
xiong,x+iong
xiongr,x+iongr
xiou,x+iou
xiour,x+iour
xir,x+ir
xng,x+ng
xo,x+o
xong,x+ong
xongr,x+ongr
xor,x+or
xou,x+ou
xour,x+our
xu,x+u
xua,x+ua
xuai,x+uai
xuair,x+uair
xuan,x+uan
xuang,x+uang
xuangr,x+uangr
xuanr,x+uanr
xuar,x+uar
xuei,x+uei
xueir,x+ueir
xuen,x+uen
xueng,x+ueng
xuengr,x+uengr
xuenr,x+uenr
xuo,x+uo
xuor,x+uor
xur,x+ur
xv,x+v
xvan,x+van
xvanr,x+vanr
xve,x+ve
xver,x+ver
xvn,x+vn
xvnr,x+vnr
xvr,x+vr
za,z+a
zai,z+ai
zair,z+air
zan,z+an
zang,z+ang
zangr,z+angr
zanr,z+anr
zao,z+ao
zaor,z+aor
zar,z+ar
ze,z+e
zei,z+ei
zeir,z+eir
zen,z+en
zeng,z+eng
zengr,z+engr
zenr,z+enr
zer,z+er
zha,zh+a
zhai,zh+ai
zhair,zh+air
zhan,zh+an
zhang,zh+ang
zhangr,zh+angr
zhanr,zh+anr
zhao,zh+ao
zhaor,zh+aor
zhar,zh+ar
zhe,zh+e
zhei,zh+ei
zheir,zh+eir
zhen,zh+en
zheng,zh+eng
zhengr,zh+engr
zhenr,zh+enr
zher,zh+er
zhi,zh+i
zhia,zh+ia
zhian,zh+ian
zhiang,zh+iang
zhiangr,zh+iangr
zhianr,zh+ianr
zhiao,zh+iao
zhiaor,zh+iaor
zhiar,zh+iar
zhie,zh+ie
zhier,zh+ier
zhii,zh+ii
zhiii,zh+iii
zhiiir,zh+iiir
zhiir,zh+iir
zhin,zh+in
zhing,zh+ing
zhingr,zh+ingr
zhinr,zh+inr
zhiong,zh+iong
zhiongr,zh+iongr
zhiou,zh+iou
zhiour,zh+iour
zhir,zh+ir
zhng,zh+ng
zho,zh+o
zhong,zh+ong
zhongr,zh+ongr
zhor,zh+or
zhou,zh+ou
zhour,zh+our
zhu,zh+u
zhua,zh+ua
zhuai,zh+uai
zhuair,zh+uair
zhuan,zh+uan
zhuang,zh+uang
zhuangr,zh+uangr
zhuanr,zh+uanr
zhuar,zh+uar
zhuei,zh+uei
zhueir,zh+ueir
zhuen,zh+uen
zhueng,zh+ueng
zhuengr,zh+uengr
zhuenr,zh+uenr
zhuo,zh+uo
zhuor,zh+uor
zhur,zh+ur
zhv,zh+v
zhvan,zh+van
zhvanr,zh+vanr
zhve,zh+ve
zhver,zh+ver
zhvn,zh+vn
zhvnr,zh+vnr
zhvr,zh+vr
zi,z+i
zia,z+ia
zian,z+ian
ziang,z+iang
ziangr,z+iangr
zianr,z+ianr
ziao,z+iao
ziaor,z+iaor
ziar,z+iar
zie,z+ie
zier,z+ier
zii,z+ii
ziii,z+iii
ziiir,z+iiir
ziir,z+iir
zin,z+in
zing,z+ing
zingr,z+ingr
zinr,z+inr
ziong,z+iong
ziongr,z+iongr
ziou,z+iou
ziour,z+iour
zir,z+ir
zng,z+ng
zo,z+o
zong,z+ong
zongr,z+ongr
zor,z+or
zou,z+ou
zour,z+our
zu,z+u
zua,z+ua
zuai,z+uai
zuair,z+uair
zuan,z+uan
zuang,z+uang
zuangr,z+uangr
zuanr,z+uanr
zuar,z+uar
zuei,z+uei
zueir,z+ueir
zuen,z+uen
zueng,z+ueng
zuengr,z+uengr
zuenr,z+uenr
zuo,z+uo
zuor,z+uor
zur,z+ur
zv,z+v
zvan,z+van
zvanr,z+vanr
zve,z+ve
zver,z+ver
zvn,z+vn
zvnr,z+vnr
zvr,z+vr
